Archive member included to satisfy reference by file (symbol)

C:/ST/STM32CubeIDE_1.17.0/STM32CubeIDE/plugins/com.st.stm32cube.ide.mcu.externaltools.gnu-tools-for-stm32.12.3.rel1.win32_1.1.0.202410251130/tools/bin/../lib/gcc/arm-none-eabi/12.3.1/../../../../arm-none-eabi/lib/thumb/v7e-m+fp/hard\libc_nano.a(libc_a-exit.o)
                              C:/ST/STM32CubeIDE_1.17.0/STM32CubeIDE/plugins/com.st.stm32cube.ide.mcu.externaltools.gnu-tools-for-stm32.12.3.rel1.win32_1.1.0.202410251130/tools/bin/../lib/gcc/arm-none-eabi/12.3.1/../../../../arm-none-eabi/lib/thumb/v7e-m+fp/hard/crt0.o (exit)
C:/ST/STM32CubeIDE_1.17.0/STM32CubeIDE/plugins/com.st.stm32cube.ide.mcu.externaltools.gnu-tools-for-stm32.12.3.rel1.win32_1.1.0.202410251130/tools/bin/../lib/gcc/arm-none-eabi/12.3.1/../../../../arm-none-eabi/lib/thumb/v7e-m+fp/hard\libc_nano.a(libc_a-findfp.o)
                              C:/ST/STM32CubeIDE_1.17.0/STM32CubeIDE/plugins/com.st.stm32cube.ide.mcu.externaltools.gnu-tools-for-stm32.12.3.rel1.win32_1.1.0.202410251130/tools/bin/../lib/gcc/arm-none-eabi/12.3.1/../../../../arm-none-eabi/lib/thumb/v7e-m+fp/hard\libc_nano.a(libc_a-exit.o) (__stdio_exit_handler)
C:/ST/STM32CubeIDE_1.17.0/STM32CubeIDE/plugins/com.st.stm32cube.ide.mcu.externaltools.gnu-tools-for-stm32.12.3.rel1.win32_1.1.0.202410251130/tools/bin/../lib/gcc/arm-none-eabi/12.3.1/../../../../arm-none-eabi/lib/thumb/v7e-m+fp/hard\libc_nano.a(libc_a-fwalk.o)
                              C:/ST/STM32CubeIDE_1.17.0/STM32CubeIDE/plugins/com.st.stm32cube.ide.mcu.externaltools.gnu-tools-for-stm32.12.3.rel1.win32_1.1.0.202410251130/tools/bin/../lib/gcc/arm-none-eabi/12.3.1/../../../../arm-none-eabi/lib/thumb/v7e-m+fp/hard\libc_nano.a(libc_a-findfp.o) (_fwalk_sglue)
C:/ST/STM32CubeIDE_1.17.0/STM32CubeIDE/plugins/com.st.stm32cube.ide.mcu.externaltools.gnu-tools-for-stm32.12.3.rel1.win32_1.1.0.202410251130/tools/bin/../lib/gcc/arm-none-eabi/12.3.1/../../../../arm-none-eabi/lib/thumb/v7e-m+fp/hard\libc_nano.a(libc_a-stdio.o)
                              C:/ST/STM32CubeIDE_1.17.0/STM32CubeIDE/plugins/com.st.stm32cube.ide.mcu.externaltools.gnu-tools-for-stm32.12.3.rel1.win32_1.1.0.202410251130/tools/bin/../lib/gcc/arm-none-eabi/12.3.1/../../../../arm-none-eabi/lib/thumb/v7e-m+fp/hard\libc_nano.a(libc_a-findfp.o) (__sread)
C:/ST/STM32CubeIDE_1.17.0/STM32CubeIDE/plugins/com.st.stm32cube.ide.mcu.externaltools.gnu-tools-for-stm32.12.3.rel1.win32_1.1.0.202410251130/tools/bin/../lib/gcc/arm-none-eabi/12.3.1/../../../../arm-none-eabi/lib/thumb/v7e-m+fp/hard\libc_nano.a(libc_a-memset.o)
                              C:/ST/STM32CubeIDE_1.17.0/STM32CubeIDE/plugins/com.st.stm32cube.ide.mcu.externaltools.gnu-tools-for-stm32.12.3.rel1.win32_1.1.0.202410251130/tools/bin/../lib/gcc/arm-none-eabi/12.3.1/../../../../arm-none-eabi/lib/thumb/v7e-m+fp/hard/crt0.o (memset)
C:/ST/STM32CubeIDE_1.17.0/STM32CubeIDE/plugins/com.st.stm32cube.ide.mcu.externaltools.gnu-tools-for-stm32.12.3.rel1.win32_1.1.0.202410251130/tools/bin/../lib/gcc/arm-none-eabi/12.3.1/../../../../arm-none-eabi/lib/thumb/v7e-m+fp/hard\libc_nano.a(libc_a-closer.o)
                              C:/ST/STM32CubeIDE_1.17.0/STM32CubeIDE/plugins/com.st.stm32cube.ide.mcu.externaltools.gnu-tools-for-stm32.12.3.rel1.win32_1.1.0.202410251130/tools/bin/../lib/gcc/arm-none-eabi/12.3.1/../../../../arm-none-eabi/lib/thumb/v7e-m+fp/hard\libc_nano.a(libc_a-stdio.o) (_close_r)
C:/ST/STM32CubeIDE_1.17.0/STM32CubeIDE/plugins/com.st.stm32cube.ide.mcu.externaltools.gnu-tools-for-stm32.12.3.rel1.win32_1.1.0.202410251130/tools/bin/../lib/gcc/arm-none-eabi/12.3.1/../../../../arm-none-eabi/lib/thumb/v7e-m+fp/hard\libc_nano.a(libc_a-reent.o)
                              C:/ST/STM32CubeIDE_1.17.0/STM32CubeIDE/plugins/com.st.stm32cube.ide.mcu.externaltools.gnu-tools-for-stm32.12.3.rel1.win32_1.1.0.202410251130/tools/bin/../lib/gcc/arm-none-eabi/12.3.1/../../../../arm-none-eabi/lib/thumb/v7e-m+fp/hard\libc_nano.a(libc_a-closer.o) (errno)
C:/ST/STM32CubeIDE_1.17.0/STM32CubeIDE/plugins/com.st.stm32cube.ide.mcu.externaltools.gnu-tools-for-stm32.12.3.rel1.win32_1.1.0.202410251130/tools/bin/../lib/gcc/arm-none-eabi/12.3.1/../../../../arm-none-eabi/lib/thumb/v7e-m+fp/hard\libc_nano.a(libc_a-impure.o)
                              C:/ST/STM32CubeIDE_1.17.0/STM32CubeIDE/plugins/com.st.stm32cube.ide.mcu.externaltools.gnu-tools-for-stm32.12.3.rel1.win32_1.1.0.202410251130/tools/bin/../lib/gcc/arm-none-eabi/12.3.1/../../../../arm-none-eabi/lib/thumb/v7e-m+fp/hard\libc_nano.a(libc_a-reent.o) (_impure_ptr)
C:/ST/STM32CubeIDE_1.17.0/STM32CubeIDE/plugins/com.st.stm32cube.ide.mcu.externaltools.gnu-tools-for-stm32.12.3.rel1.win32_1.1.0.202410251130/tools/bin/../lib/gcc/arm-none-eabi/12.3.1/../../../../arm-none-eabi/lib/thumb/v7e-m+fp/hard\libc_nano.a(libc_a-lseekr.o)
[...]
Memory Configuration

Name             Origin             Length             Attributes
RAM              0x20000000         0x00020000         xrw
FLASH            0x08000000         0x00080000         xr
*default*        0x00000000         0xffffffff

Linker script and memory map

LOAD C:/ST/STM32CubeIDE_1.17.0/STM32CubeIDE/plugins/com.st.stm32cube.ide.mcu.externaltools.gnu-tools-for-stm32.12.3.rel1.win32_1.1.0.202410251130/tools/bin/../lib/gcc/arm-none-eabi/12.3.1/thumb/v7e-m+fp/hard/crti.o
LOAD C:/ST/STM32CubeIDE_1.17.0/STM32CubeIDE/plugins/com.st.stm32cube.ide.mcu.externaltools.gnu-tools-for-stm32.12.3.rel1.win32_1.1.0.202410251130/tools/bin/../lib/gcc/arm-none-eabi/12.3.1/thumb/v7e-m+fp/hard/crtbegin.o
LOAD C:/ST/STM32CubeIDE_1.17.0/STM32CubeIDE/plugins/com.st.stm32cube.ide.mcu.externaltools.gnu-tools-for-stm32.12.3.rel1.win32_1.1.0.202410251130/tools/bin/../lib/gcc/arm-none-eabi/12.3.1/../../../../arm-none-eabi/lib/thumb/v7e-m+fp/hard/crt0.o
LOAD ./Core/Src/freertos.o
LOAD ./Core/Src/main.o
LOAD ./Core/Src/stm32f4xx_hal_msp.o
LOAD ./Core/Src/stm32f4xx_it.o
LOAD ./Core/Src/syscalls.o
LOAD ./Core/Src/sysmem.o
LOAD ./Core/Src/system_stm32f4xx.o
LOAD ./Core/Startup/startup_stm32f446retx.o
LOAD ./Drivers/STM32F4xx_HAL_Driver/Src/stm32f4xx_hal.o
LOAD ./Drivers/STM32F4xx_HAL_Driver/Src/stm32f4xx_hal_cortex.o
LOAD ./Drivers/STM32F4xx_HAL_Driver/Src/stm32f4xx_hal_dma.o
LOAD ./Drivers/STM32F4xx_HAL_Driver/Src/stm32f4xx_hal_dma_ex.o
LOAD ./Drivers/STM32F4xx_HAL_Driver/Src/stm32f4xx_hal_exti.o
LOAD ./Drivers/STM32F4xx_HAL_Driver/Src/stm32f4xx_hal_flash.o
LOAD ./Drivers/STM32F4xx_HAL_Driver/Src/stm32f4xx_hal_flash_ex.o
LOAD ./Drivers/STM32F4xx_HAL_Driver/Src/stm32f4xx_hal_flash_ramfunc.o
LOAD ./Drivers/STM32F4xx_HAL_Driver/Src/stm32f4xx_hal_gpio.o
LOAD ./Drivers/STM32F4xx_HAL_Driver/Src/stm32f4xx_hal_pwr.o
LOAD ./Drivers/STM32F4xx_HAL_Driver/Src/stm32f4xx_hal_pwr_ex.o
LOAD ./Drivers/STM32F4xx_HAL_Driver/Src/stm32f4xx_hal_rcc.o
LOAD ./Drivers/STM32F4xx_HAL_Driver/Src/stm32f4xx_hal_rcc_ex.o
LOAD ./Drivers/STM32F4xx_HAL_Driver/Src/stm32f4xx_hal_uart.o
LOAD ./Middlewares/Third_Party/FreeRTOS/Source/CMSIS_RTOS_V2/cmsis_os2.o
LOAD ./Middlewares/Third_Party/FreeRTOS/Source/croutine.o
LOAD ./Middlewares/Third_Party/FreeRTOS/Source/event_groups.o
LOAD ./Middlewares/Third_Party/FreeRTOS/Source/list.o
LOAD ./Middlewares/Third_Party/FreeRTOS/Source/queue.o
LOAD ./Middlewares/Third_Party/FreeRTOS/Source/stream_buffer.o
LOAD ./Middlewares/Third_Party/FreeRTOS/Source/tasks.o
LOAD ./Middlewares/Third_Party/FreeRTOS/Source/timers.o
LOAD ./Middlewares/Third_Party/FreeRTOS/Source/portable/GCC/ARM_CM4F/port.o
LOAD ./Middlewares/Third_Party/FreeRTOS/Source/portable/MemMang/heap_4.o
LOAD ./myDrivers/hal/gpio/gpio.o
LOAD ./myDrivers/hal/rcc/rcc.o
LOAD ./myDrivers/q7seg/q7seg.o
START GROUP
LOAD C:/ST/STM32CubeIDE_1.17.0/STM32CubeIDE/plugins/com.st.stm32cube.ide.mcu.externaltools.gnu-tools-for-stm32.12.3.rel1.win32_1.1.0.202410251130/tools/bin/../lib/gcc/arm-none-eabi/12.3.1/../../../../arm-none-eabi/lib/thumb/v7e-m+fp/hard\libc_nano.a
LOAD C:/ST/STM32CubeIDE_1.17.0/STM32CubeIDE/plugins/com.st.stm32cube.ide.mcu.externaltools.gnu-tools-for-stm32.12.3.rel1.win32_1.1.0.202410251130/tools/bin/../lib/gcc/arm-none-eabi/12.3.1/../../../../arm-none-eabi/lib/thumb/v7e-m+fp/hard\libm.a
END GROUP
START GROUP
LOAD C:/ST/STM32CubeIDE_1.17.0/STM32CubeIDE/plugins/com.st.stm32cube.ide.mcu.externaltools.gnu-tools-for-stm32.12.3.rel1.win32_1.1.0.202410251130/tools/bin/../lib/gcc/arm-none-eabi/12.3.1/thumb/v7e-m+fp/hard\libgcc.a
LOAD C:/ST/STM32CubeIDE_1.17.0/STM32CubeIDE/plugins/com.st.stm32cube.ide.mcu.externaltools.gnu-tools-for-stm32.12.3.rel1.win32_1.1.0.202410251130/tools/bin/../lib/gcc/arm-none-eabi/12.3.1/../../../../arm-none-eabi/lib/thumb/v7e-m+fp/hard\libc_nano.a
END GROUP
START GROUP
LOAD C:/ST/STM32CubeIDE_1.17.0/STM32CubeIDE/plugins/com.st.stm32cube.ide.mcu.externaltools.gnu-tools-for-stm32.12.3.rel1.win32_1.1.0.202410251130/tools/bin/../lib/gcc/arm-none-eabi/12.3.1/thumb/v7e-m+fp/hard\libgcc.a
LOAD C:/ST/STM32CubeIDE_1.17.0/STM32CubeIDE/plugins/com.st.stm32cube.ide.mcu.externaltools.gnu-tools-for-stm32.12.3.rel1.win32_1.1.0.202410251130/tools/bin/../lib/gcc/arm-none-eabi/12.3.1/../../../../arm-none-eabi/lib/thumb/v7e-m+fp/hard\libc_nano.a
LOAD C:/ST/STM32CubeIDE_1.17.0/STM32CubeIDE/plugins/com.st.stm32cube.ide.mcu.externaltools.gnu-tools-for-stm32.12.3.rel1.win32_1.1.0.202410251130/tools/bin/../lib/gcc/arm-none-eabi/12.3.1/../../../../arm-none-eabi/lib/thumb/v7e-m+fp/hard\libnosys.a
END GROUP
START GROUP
LOAD C:/ST/STM32CubeIDE_1.17.0/STM32CubeIDE/plugins/com.st.stm32cube.ide.mcu.externaltools.gnu-tools-for-stm32.12.3.rel1.win32_1.1.0.202410251130/tools/bin/../lib/gcc/arm-none-eabi/12.3.1/thumb/v7e-m+fp/hard\libgcc.a
LOAD C:/ST/STM32CubeIDE_1.17.0/STM32CubeIDE/plugins/com.st.stm32cube.ide.mcu.externaltools.gnu-tools-for-stm32.12.3.rel1.win32_1.1.0.202410251130/tools/bin/../lib/gcc/arm-none-eabi/12.3.1/../../../../arm-none-eabi/lib/thumb/v7e-m+fp/hard\libc_nano.a
LOAD C:/ST/STM32CubeIDE_1.17.0/STM32CubeIDE/plugins/com.st.stm32cube.ide.mcu.externaltools.gnu-tools-for-stm32.12.3.rel1.win32_1.1.0.202410251130/tools/bin/../lib/gcc/arm-none-eabi/12.3.1/../../../../arm-none-eabi/lib/thumb/v7e-m+fp/hard\libnosys.a
END GROUP
LOAD C:/ST/STM32CubeIDE_1.17.0/STM32CubeIDE/plugins/com.st.stm32cube.ide.mcu.externaltools.gnu-tools-for-stm32.12.3.rel1.win32_1.1.0.202410251130/tools/bin/../lib/gcc/arm-none-eabi/12.3.1/thumb/v7e-m+fp/hard/crtend.o
LOAD C:/ST/STM32CubeIDE_1.17.0/STM32CubeIDE/plugins/com.st.stm32cube.ide.mcu.externaltools.gnu-tools-for-stm32.12.3.rel1.win32_1.1.0.202410251130/tools/bin/../lib/gcc/arm-none-eabi/12.3.1/thumb/v7e-m+fp/hard/crtn.o
                0x20020000                        _estack = (ORIGIN (RAM) + LENGTH (RAM))
                0x00000200                        _Min_Heap_Size = 0x200
                0x00000400                        _Min_Stack_Size = 0x400

.isr_vector     0x08000000      0x1c4
                0x08000000                        . = ALIGN (0x4)
 *(.isr_vector)
 .isr_vector    0x08000000      0x1c4 ./Core/Startup/startup_stm32f446retx.o
                0x08000000                g_pfnVectors
                0x080001c4                        . = ALIGN (0x4)

.text           0x080001d0     0x2ed8
                0x080001d0                        . = ALIGN (0x4)
 *(.text)
 .text          0x080001d0       0x40 C:/ST/STM32CubeIDE_1.17.0/STM32CubeIDE/plugins/com.st.stm32cube.ide.mcu.externaltools.gnu-tools-for-stm32.12.3.rel1.win32_1.1.0.202410251130/tools/bin/../lib/gcc/arm-none-eabi/12.3.1/thumb/v7e-m+fp/hard/crtbegin.o
 *(.text*)
 .text.displaySegmentTask
                0x08000210       0x4c ./Core/Src/main.o
                0x08000210                displaySegmentTask
 .text.main     0x0800025c       0x54 ./Core/Src/main.o
                0x0800025c                main
 .text.NMI_Handler
                0x080002b0        0x8 ./Core/Src/stm32f4xx_it.o
                0x080002b0                NMI_Handler
 .text.HardFault_Handler
                0x080002b8        0x8 ./Core/Src/stm32f4xx_it.o
                0x080002b8                HardFault_Handler
 .text.MemManage_Handler
                0x080002c0        0x8 ./Core/Src/stm32f4xx_it.o
                0x080002c0                MemManage_Handler
 .text.BusFault_Handler
                0x080002c8        0x8 ./Core/Src/stm32f4xx_it.o
                0x080002c8                BusFault_Handler
 .text.UsageFault_Handler
                0x080002d0        0x8 ./Core/Src/stm32f4xx_it.o
                0x080002d0                UsageFault_Handler
 .text.DebugMon_Handler
                0x080002d8        0xe ./Core/Src/stm32f4xx_it.o
                0x080002d8                DebugMon_Handler
 .text.SysTick_Handler
                0x080002e6       0x1a ./Core/Src/stm32f4xx_it.o
                0x080002e6                SysTick_Handler
 .text.SystemInit
                0x08000300       0x24 ./Core/Src/system_stm32f4xx.o
                0x08000300                SystemInit
 .text.Reset_Handler
                0x08000324       0x50 ./Core/Startup/startup_stm32f446retx.o
                0x08000324                Reset_Handler
 .text.Default_Handler
                0x08000374        0x2 ./Core/Startup/startup_stm32f446retx.o
                0x08000374                RTC_Alarm_IRQHandler
                0x08000374                EXTI2_IRQHandler
                0x08000374                TIM8_CC_IRQHandler
                0x08000374                FMPI2C1_EV_IRQHandler
                0x08000374                SPI4_IRQHandler
                0x08000374                TIM1_CC_IRQHandler
                0x08000374                DMA2_Stream5_IRQHandler
                0x08000374                DMA1_Stream5_IRQHandler
                0x08000374                PVD_IRQHandler
                0x08000374                SDIO_IRQHandler
                0x08000374                TAMP_STAMP_IRQHandler
                0x08000374                CAN2_RX1_IRQHandler
                0x08000374                EXTI3_IRQHandler
                0x08000374                TIM8_TRG_COM_TIM14_IRQHandler
                0x08000374                TIM1_UP_TIM10_IRQHandler
                0x08000374                TIM8_UP_TIM13_IRQHandler
                0x08000374                I2C3_ER_IRQHandler
                0x08000374                EXTI0_IRQHandler
                0x08000374                I2C2_EV_IRQHandler
                0x08000374                DMA1_Stream2_IRQHandler
                0x08000374                CAN1_RX0_IRQHandler
                0x08000374                FPU_IRQHandler
                0x08000374                OTG_HS_WKUP_IRQHandler
                0x08000374                CAN2_SCE_IRQHandler
                0x08000374                DMA2_Stream2_IRQHandler
                0x08000374                SPI1_IRQHandler
                0x08000374                TIM6_DAC_IRQHandler
                0x08000374                TIM1_BRK_TIM9_IRQHandler
                0x08000374                DCMI_IRQHandler
                0x08000374                CAN2_RX0_IRQHandler
                0x08000374                DMA2_Stream3_IRQHandler
                0x08000374                SAI2_IRQHandler
                0x08000374                USART6_IRQHandler
                0x08000374                USART3_IRQHandler
                0x08000374                CAN1_RX1_IRQHandler
                0x08000374                UART5_IRQHandler
                0x08000374                DMA2_Stream0_IRQHandler
                0x08000374                TIM4_IRQHandler
                0x08000374                QUADSPI_IRQHandler
                0x08000374                I2C1_EV_IRQHandler
                0x08000374                DMA1_Stream6_IRQHandler
                0x08000374                DMA1_Stream1_IRQHandler
                0x08000374                UART4_IRQHandler
                0x08000374                TIM3_IRQHandler
                0x08000374                RCC_IRQHandler
                0x08000374                TIM8_BRK_TIM12_IRQHandler
                0x08000374                Default_Handler
                0x08000374                CEC_IRQHandler
                0x08000374                EXTI15_10_IRQHandler
                0x08000374                ADC_IRQHandler
                0x08000374                DMA1_Stream7_IRQHandler
                0x08000374                TIM7_IRQHandler
                0x08000374                CAN2_TX_IRQHandler
                0x08000374                TIM5_IRQHandler
                0x08000374                DMA2_Stream7_IRQHandler
                0x08000374                I2C3_EV_IRQHandler
                0x08000374                EXTI9_5_IRQHandler
                0x08000374                RTC_WKUP_IRQHandler
                0x08000374                SPDIF_RX_IRQHandler
                0x08000374                SPI2_IRQHandler
                0x08000374                OTG_HS_EP1_IN_IRQHandler
                0x08000374                DMA1_Stream0_IRQHandler
                0x08000374                CAN1_TX_IRQHandler
                0x08000374                FMPI2C1_ER_IRQHandler
                0x08000374                EXTI4_IRQHandler
                0x08000374                OTG_HS_EP1_OUT_IRQHandler
                0x08000374                WWDG_IRQHandler
                0x08000374                TIM2_IRQHandler
                0x08000374                OTG_FS_WKUP_IRQHandler
                0x08000374                TIM1_TRG_COM_TIM11_IRQHandler
                0x08000374                OTG_HS_IRQHandler
                0x08000374                EXTI1_IRQHandler
                0x08000374                USART2_IRQHandler
                0x08000374                I2C2_ER_IRQHandler
                0x08000374                DMA2_Stream1_IRQHandler
                0x08000374                CAN1_SCE_IRQHandler
                0x08000374                FLASH_IRQHandler
                0x08000374                DMA2_Stream4_IRQHandler
                0x08000374                USART1_IRQHandler
                0x08000374                OTG_FS_IRQHandler
                0x08000374                SPI3_IRQHandler
                0x08000374                DMA1_Stream4_IRQHandler
                0x08000374                I2C1_ER_IRQHandler
                0x08000374                FMC_IRQHandler
                0x08000374                DMA2_Stream6_IRQHandler
                0x08000374                SAI1_IRQHandler
                0x08000374                DMA1_Stream3_IRQHandler
 *fill*         0x08000376        0x2 
 .text.HAL_IncTick
                0x08000378       0x28 ./Drivers/STM32F4xx_HAL_Driver/Src/stm32f4xx_hal.o
                0x08000378                HAL_IncTick
 .text.vApplicationGetIdleTaskMemory
                0x080003a0       0x34 ./Middlewares/Third_Party/FreeRTOS/Source/CMSIS_RTOS_V2/cmsis_os2.o
                0x080003a0                vApplicationGetIdleTaskMemory
 .text.vApplicationGetTimerTaskMemory
                0x080003d4       0x34 ./Middlewares/Third_Party/FreeRTOS/Source/CMSIS_RTOS_V2/cmsis_os2.o
                0x080003d4                vApplicationGetTimerTaskMemory
 .text.vListInitialise
                0x08000408       0x40 ./Middlewares/Third_Party/FreeRTOS/Source/list.o
                0x08000408                vListInitialise
 .text.vListInitialiseItem
                0x08000448       0x1a ./Middlewares/Third_Party/FreeRTOS/Source/list.o
                0x08000448                vListInitialiseItem
 .text.vListInsertEnd
                0x08000462       0x48 ./Middlewares/Third_Party/FreeRTOS/Source/list.o
                0x08000462                vListInsertEnd
 .text.vListInsert
                0x080004aa       0x72 ./Middlewares/Third_Party/FreeRTOS/Source/list.o
                0x080004aa                vListInsert
 .text.uxListRemove
                0x0800051c       0x54 ./Middlewares/Third_Party/FreeRTOS/Source/list.o
                0x0800051c                uxListRemove
 .text.xQueueGenericReset
                0x08000570       0xd4 ./Middlewares/Third_Party/FreeRTOS/Source/queue.o
                0x08000570                xQueueGenericReset
 .text.xQueueGenericCreateStatic
                0x08000644       0xfa ./Middlewares/Third_Party/FreeRTOS/Source/queue.o
                0x08000644                xQueueGenericCreateStatic
 .text.prvInitialiseNewQueue
                0x0800073e       0x46 ./Middlewares/Third_Party/FreeRTOS/Source/queue.o
 .text.xQueueGenericSend
                0x08000784      0x204 ./Middlewares/Third_Party/FreeRTOS/Source/queue.o
                0x08000784                xQueueGenericSend
 .text.xQueueGenericSendFromISR
                0x08000988      0x13c ./Middlewares/Third_Party/FreeRTOS/Source/queue.o
                0x08000988                xQueueGenericSendFromISR
 .text.xQueueReceive
                0x08000ac4      0x1c4 ./Middlewares/Third_Party/FreeRTOS/Source/queue.o
                0x08000ac4                xQueueReceive
 .text.prvCopyDataToQueue
                0x08000c88       0xd4 ./Middlewares/Third_Party/FreeRTOS/Source/queue.o
 .text.prvCopyDataFromQueue
                0x08000d5c       0x4c ./Middlewares/Third_Party/FreeRTOS/Source/queue.o
 .text.prvUnlockQueue
                0x08000da8       0xa4 ./Middlewares/Third_Party/FreeRTOS/Source/queue.o
 .text.prvIsQueueEmpty
                0x08000e4c       0x2c ./Middlewares/Third_Party/FreeRTOS/Source/queue.o
 .text.prvIsQueueFull
                0x08000e78       0x30 ./Middlewares/Third_Party/FreeRTOS/Source/queue.o
 .text.vQueueAddToRegistry
                0x08000ea8       0x54 ./Middlewares/Third_Party/FreeRTOS/Source/queue.o
                0x08000ea8                vQueueAddToRegistry
 .text.vQueueWaitForMessageRestricted
                0x08000efc       0x68 ./Middlewares/Third_Party/FreeRTOS/Source/queue.o
                0x08000efc                vQueueWaitForMessageRestricted
 .text.xTaskCreateStatic
                0x08000f64       0xc0 ./Middlewares/Third_Party/FreeRTOS/Source/tasks.o
                0x08000f64                xTaskCreateStatic
 .text.xTaskCreate
                0x08001024       0x8a ./Middlewares/Third_Party/FreeRTOS/Source/tasks.o
                0x08001024                xTaskCreate
 .text.prvInitialiseNewTask
                0x080010ae      0x120 ./Middlewares/Third_Party/FreeRTOS/Source/tasks.o
 *fill*         0x080011ce        0x2 
 .text.prvAddNewTaskToReadyList
                0x080011d0       0xe0 ./Middlewares/Third_Party/FreeRTOS/Source/tasks.o
 .text.vTaskDelay
                0x080012b0       0x6c ./Middlewares/Third_Party/FreeRTOS/Source/tasks.o
                0x080012b0                vTaskDelay
 .text.vTaskStartScheduler
                0x0800131c       0xd0 ./Middlewares/Third_Party/FreeRTOS/Source/tasks.o
                0x0800131c                vTaskStartScheduler
 .text.vTaskSuspendAll
                0x080013ec       0x1c ./Middlewares/Third_Party/FreeRTOS/Source/tasks.o
                0x080013ec                vTaskSuspendAll
 .text.xTaskResumeAll
                0x08001408      0x13c ./Middlewares/Third_Party/FreeRTOS/Source/tasks.o
                0x08001408                xTaskResumeAll
 .text.xTaskGetTickCount
                0x08001544       0x20 ./Middlewares/Third_Party/FreeRTOS/Source/tasks.o
                0x08001544                xTaskGetTickCount
 .text.xTaskIncrementTick
                0x08001564      0x174 ./Middlewares/Third_Party/FreeRTOS/Source/tasks.o
                0x08001564                xTaskIncrementTick
 .text.vTaskSwitchContext
                0x080016d8       0xbc ./Middlewares/Third_Party/FreeRTOS/Source/tasks.o
                0x080016d8                vTaskSwitchContext
 .text.vTaskPlaceOnEventList
                0x08001794       0x4c ./Middlewares/Third_Party/FreeRTOS/Source/tasks.o
                0x08001794                vTaskPlaceOnEventList
 .text.vTaskPlaceOnEventListRestricted
                0x080017e0       0x58 ./Middlewares/Third_Party/FreeRTOS/Source/tasks.o
                0x080017e0                vTaskPlaceOnEventListRestricted
 .text.xTaskRemoveFromEventList
                0x08001838       0xc8 ./Middlewares/Third_Party/FreeRTOS/Source/tasks.o
                0x08001838                xTaskRemoveFromEventList
 .text.vTaskInternalSetTimeOutState
                0x08001900       0x2c ./Middlewares/Third_Party/FreeRTOS/Source/tasks.o
                0x08001900                vTaskInternalSetTimeOutState
 .text.xTaskCheckForTimeOut
                0x0800192c       0xc8 ./Middlewares/Third_Party/FreeRTOS/Source/tasks.o
                0x0800192c                xTaskCheckForTimeOut
 .text.vTaskMissedYield
                0x080019f4       0x18 ./Middlewares/Third_Party/FreeRTOS/Source/tasks.o
                0x080019f4                vTaskMissedYield
 .text.prvIdleTask
                0x08001a0c       0x30 ./Middlewares/Third_Party/FreeRTOS/Source/tasks.o
 .text.prvInitialiseTaskLists
                0x08001a3c       0x80 ./Middlewares/Third_Party/FreeRTOS/Source/tasks.o
 .text.prvCheckTasksWaitingTermination
                0x08001abc       0x5c ./Middlewares/Third_Party/FreeRTOS/Source/tasks.o
 .text.prvDeleteTCB
                0x08001b18       0x60 ./Middlewares/Third_Party/FreeRTOS/Source/tasks.o
 .text.prvResetNextTaskUnblockTime
                0x08001b78       0x40 ./Middlewares/Third_Party/FreeRTOS/Source/tasks.o
 .text.xTaskGetSchedulerState
                0x08001bb8       0x3c ./Middlewares/Third_Party/FreeRTOS/Source/tasks.o
                0x08001bb8                xTaskGetSchedulerState
 .text.xTaskPriorityDisinherit
                0x08001bf4       0xe0 ./Middlewares/Third_Party/FreeRTOS/Source/tasks.o
                0x08001bf4                xTaskPriorityDisinherit
 .text.prvAddCurrentTaskToDelayedList
                0x08001cd4       0xa8 ./Middlewares/Third_Party/FreeRTOS/Source/tasks.o
 .text.xTimerCreateTimerTask
                0x08001d7c       0x94 ./Middlewares/Third_Party/FreeRTOS/Source/timers.o
                0x08001d7c                xTimerCreateTimerTask
 .text.xTimerGenericCommand
                0x08001e10       0x9c ./Middlewares/Third_Party/FreeRTOS/Source/timers.o
                0x08001e10                xTimerGenericCommand
 .text.prvProcessExpiredTimer
                0x08001eac       0x9c ./Middlewares/Third_Party/FreeRTOS/Source/timers.o
 .text.prvTimerTask
                0x08001f48       0x26 ./Middlewares/Third_Party/FreeRTOS/Source/timers.o
 *fill*         0x08001f6e        0x2 
 .text.prvProcessTimerOrBlockTask
                0x08001f70       0x9c ./Middlewares/Third_Party/FreeRTOS/Source/timers.o
 .text.prvGetNextExpireTime
                0x0800200c       0x48 ./Middlewares/Third_Party/FreeRTOS/Source/timers.o
 .text.prvSampleTimeNow
                0x08002054       0x40 ./Middlewares/Third_Party/FreeRTOS/Source/timers.o
 .text.prvInsertTimerInActiveList
                0x08002094       0x84 ./Middlewares/Third_Party/FreeRTOS/Source/timers.o
 .text.prvProcessReceivedCommands
                0x08002118      0x1cc ./Middlewares/Third_Party/FreeRTOS/Source/timers.o
 .text.prvSwitchTimerLists
                0x080022e4       0xcc ./Middlewares/Third_Party/FreeRTOS/Source/timers.o
 .text.prvCheckForValidListAndQueue
                0x080023b0       0x80 ./Middlewares/Third_Party/FreeRTOS/Source/timers.o
 .text.pxPortInitialiseStack
                0x08002430       0x68 ./Middlewares/Third_Party/FreeRTOS/Source/portable/GCC/ARM_CM4F/port.o
                0x08002430                pxPortInitialiseStack
 .text.prvTaskExitError
                0x08002498       0x5c ./Middlewares/Third_Party/FreeRTOS/Source/portable/GCC/ARM_CM4F/port.o
 *fill*         0x080024f4        0xc 
 .text.SVC_Handler
                0x08002500       0x28 ./Middlewares/Third_Party/FreeRTOS/Source/portable/GCC/ARM_CM4F/port.o
                0x08002500                SVC_Handler
 .text.prvPortStartFirstTask
                0x08002528       0x28 ./Middlewares/Third_Party/FreeRTOS/Source/portable/GCC/ARM_CM4F/port.o
 .text.xPortStartScheduler
                0x08002550      0x148 ./Middlewares/Third_Party/FreeRTOS/Source/portable/GCC/ARM_CM4F/port.o
                0x08002550                xPortStartScheduler
 .text.vPortEnterCritical
                0x08002698       0x64 ./Middlewares/Third_Party/FreeRTOS/Source/portable/GCC/ARM_CM4F/port.o
                0x08002698                vPortEnterCritical
 .text.vPortExitCritical
                0x080026fc       0x54 ./Middlewares/Third_Party/FreeRTOS/Source/portable/GCC/ARM_CM4F/port.o
                0x080026fc                vPortExitCritical
 .text.PendSV_Handler
                0x08002750       0x68 ./Middlewares/Third_Party/FreeRTOS/Source/portable/GCC/ARM_CM4F/port.o
                0x08002750                PendSV_Handler
 .text.xPortSysTickHandler
                0x080027b8       0x44 ./Middlewares/Third_Party/FreeRTOS/Source/portable/GCC/ARM_CM4F/port.o
                0x080027b8                xPortSysTickHandler
 .text.vPortSetupTimerInterrupt
                0x080027fc       0x48 ./Middlewares/Third_Party/FreeRTOS/Source/portable/GCC/ARM_CM4F/port.o
                0x080027fc                vPortSetupTimerInterrupt
 .text.vPortEnableVFP
                0x08002844       0x14 ./Middlewares/Third_Party/FreeRTOS/Source/portable/GCC/ARM_CM4F/port.o
 .text.vPortValidateInterruptPriority
                0x08002858       0x84 ./Middlewares/Third_Party/FreeRTOS/Source/portable/GCC/ARM_CM4F/port.o
                0x08002858                vPortValidateInterruptPriority
 .text.pvPortMalloc
                0x080028dc      0x19c ./Middlewares/Third_Party/FreeRTOS/Source/portable/MemMang/heap_4.o
                0x080028dc                pvPortMalloc
 .text.vPortFree
                0x08002a78       0xc8 ./Middlewares/Third_Party/FreeRTOS/Source/portable/MemMang/heap_4.o
                0x08002a78                vPortFree
 .text.prvHeapInit
                0x08002b40       0xc4 ./Middlewares/Third_Party/FreeRTOS/Source/portable/MemMang/heap_4.o
 .text.prvInsertBlockIntoFreeList
                0x08002c04       0xb4 ./Middlewares/Third_Party/FreeRTOS/Source/portable/MemMang/heap_4.o
 .text.gpio_pin_set_dir
                0x08002cb8       0x58 ./myDrivers/hal/gpio/gpio.o
                0x08002cb8                gpio_pin_set_dir
 .text.gpio_pin_write
                0x08002d10       0x5c ./myDrivers/hal/gpio/gpio.o
                0x08002d10                gpio_pin_write
 .text.gpio_port_set_dir
                0x08002d6c       0x5c ./myDrivers/hal/gpio/gpio.o
                0x08002d6c                gpio_port_set_dir
 .text.rcc_enable_peripheral_clk
                0x08002dc8       0xd0 ./myDrivers/hal/rcc/rcc.o
                0x08002dc8                rcc_enable_peripheral_clk
 .text.initDisplay
                0x08002e98       0x18 ./myDrivers/q7seg/q7seg.o
                0x08002e98                initDisplay
 .text.writeNum
                0x08002eb0      0x130 ./myDrivers/q7seg/q7seg.o
                0x08002eb0                writeNum
 .text.writeDisplaySingle
                0x08002fe0       0x3c ./myDrivers/q7seg/q7seg.o
                0x08002fe0                writeDisplaySingle
 .text.memset   0x0800301c       0x10 C:/ST/STM32CubeIDE_1.17.0/STM32CubeIDE/plugins/com.st.stm32cube.ide.mcu.externaltools.gnu-tools-for-stm32.12.3.rel1.win32_1.1.0.202410251130/tools/bin/../lib/gcc/arm-none-eabi/12.3.1/../../../../arm-none-eabi/lib/thumb/v7e-m+fp/hard\libc_nano.a(libc_a-memset.o)
                0x0800301c                memset
 .text.__libc_init_array
                0x0800302c       0x48 C:/ST/STM32CubeIDE_1.17.0/STM32CubeIDE/plugins/com.st.stm32cube.ide.mcu.externaltools.gnu-tools-for-stm32.12.3.rel1.win32_1.1.0.202410251130/tools/bin/../lib/gcc/arm-none-eabi/12.3.1/../../../../arm-none-eabi/lib/thumb/v7e-m+fp/hard\libc_nano.a(libc_a-init.o)
                0x0800302c                __libc_init_array
 .text.memcpy   0x08003074       0x1c C:/ST/STM32CubeIDE_1.17.0/STM32CubeIDE/plugins/com.st.stm32cube.ide.mcu.externaltools.gnu-tools-for-stm32.12.3.rel1.win32_1.1.0.202410251130/tools/bin/../lib/gcc/arm-none-eabi/12.3.1/../../../../arm-none-eabi/lib/thumb/v7e-m+fp/hard\libc_nano.a(libc_a-memcpy-stub.o)
                0x08003074                memcpy
 *(.glue_7)
 .glue_7        0x08003090        0x0 linker stubs
 *(.glue_7t)
 .glue_7t       0x08003090        0x0 linker stubs
 *(.eh_frame)
 .eh_frame      0x08003090        0x0 C:/ST/STM32CubeIDE_1.17.0/STM32CubeIDE/plugins/com.st.stm32cube.ide.mcu.externaltools.gnu-tools-for-stm32.12.3.rel1.win32_1.1.0.202410251130/tools/bin/../lib/gcc/arm-none-eabi/12.3.1/thumb/v7e-m+fp/hard/crtbegin.o
 *(.init)
 .init          0x08003090        0x4 C:/ST/STM32CubeIDE_1.17.0/STM32CubeIDE/plugins/com.st.stm32cube.ide.mcu.externaltools.gnu-tools-for-stm32.12.3.rel1.win32_1.1.0.202410251130/tools/bin/../lib/gcc/arm-none-eabi/12.3.1/thumb/v7e-m+fp/hard/crti.o
                0x08003090                _init
 .init          0x08003094        0x8 C:/ST/STM32CubeIDE_1.17.0/STM32CubeIDE/plugins/com.st.stm32cube.ide.mcu.externaltools.gnu-tools-for-stm32.12.3.rel1.win32_1.1.0.202410251130/tools/bin/../lib/gcc/arm-none-eabi/12.3.1/thumb/v7e-m+fp/hard/crtn.o
 *(.fini)
 .fini          0x0800309c        0x4 C:/ST/STM32CubeIDE_1.17.0/STM32CubeIDE/plugins/com.st.stm32cube.ide.mcu.externaltools.gnu-tools-for-stm32.12.3.rel1.win32_1.1.0.202410251130/tools/bin/../lib/gcc/arm-none-eabi/12.3.1/thumb/v7e-m+fp/hard/crti.o
                0x0800309c                _fini
 .fini          0x080030a0        0x8 C:/ST/STM32CubeIDE_1.17.0/STM32CubeIDE/plugins/com.st.stm32cube.ide.mcu.externaltools.gnu-tools-for-stm32.12.3.rel1.win32_1.1.0.202410251130/tools/bin/../lib/gcc/arm-none-eabi/12.3.1/thumb/v7e-m+fp/hard/crtn.o
                0x080030a8                        . = ALIGN (0x4)
                0x080030a8                        _etext = .

.vfp11_veneer   0x080030a8        0x0
 .vfp11_veneer  0x080030a8        0x0 linker stubs

.v4_bx          0x080030a8        0x0
 .v4_bx         0x080030a8        0x0 linker stubs

.iplt           0x080030a8        0x0
 .iplt          0x080030a8        0x0 C:/ST/STM32CubeIDE_1.17.0/STM32CubeIDE/plugins/com.st.stm32cube.ide.mcu.externaltools.gnu-tools-for-stm32.12.3.rel1.win32_1.1.0.202410251130/tools/bin/../lib/gcc/arm-none-eabi/12.3.1/thumb/v7e-m+fp/hard/crtbegin.o

.rodata         0x080030a8       0x20
                0x080030a8                        . = ALIGN (0x4)
 *(.rodata)
 .rodata        0x080030a8        0x8 ./Core/Src/main.o
 .rodata        0x080030b0        0x5 ./Middlewares/Third_Party/FreeRTOS/Source/tasks.o
 *fill*         0x080030b5        0x3 
 .rodata        0x080030b8        0xd ./Middlewares/Third_Party/FreeRTOS/Source/timers.o
 *(.rodata*)
                0x080030c8                        . = ALIGN (0x4)
 *fill*         0x080030c5        0x3 

.ARM.extab      0x080030c8        0x0
                0x080030c8                        . = ALIGN (0x4)
 *(.ARM.extab* .gnu.linkonce.armextab.*)
                0x080030c8                        . = ALIGN (0x4)

.ARM            0x080030c8        0x0
                0x080030c8                        . = ALIGN (0x4)
                0x080030c8                        __exidx_start = .
 *(.ARM.exidx*)
                0x080030c8                        __exidx_end = .
                0x080030c8                        . = ALIGN (0x4)

.preinit_array  0x080030c8        0x0
                0x080030c8                        . = ALIGN (0x4)
                0x080030c8                        PROVIDE (__preinit_array_start = .)
 *(.preinit_array*)
                0x080030c8                        PROVIDE (__preinit_array_end = .)
                0x080030c8                        . = ALIGN (0x4)

.init_array     0x080030c8        0x4
                0x080030c8                        . = ALIGN (0x4)
                0x080030c8                        PROVIDE (__init_array_start = .)
 *(SORT_BY_NAME(.init_array.*))
 *(.init_array*)
 .init_array    0x080030c8        0x4 C:/ST/STM32CubeIDE_1.17.0/STM32CubeIDE/plugins/com.st.stm32cube.ide.mcu.externaltools.gnu-tools-for-stm32.12.3.rel1.win32_1.1.0.202410251130/tools/bin/../lib/gcc/arm-none-eabi/12.3.1/thumb/v7e-m+fp/hard/crtbegin.o
                0x080030cc                        PROVIDE (__init_array_end = .)
                0x080030cc                        . = ALIGN (0x4)

.fini_array     0x080030cc        0x4
                0x080030cc                        . = ALIGN (0x4)
                [!provide]                        PROVIDE (__fini_array_start = .)
 *(SORT_BY_NAME(.fini_array.*))
 *(.fini_array*)
 .fini_array    0x080030cc        0x4 C:/ST/STM32CubeIDE_1.17.0/STM32CubeIDE/plugins/com.st.stm32cube.ide.mcu.externaltools.gnu-tools-for-stm32.12.3.rel1.win32_1.1.0.202410251130/tools/bin/../lib/gcc/arm-none-eabi/12.3.1/thumb/v7e-m+fp/hard/crtbegin.o
                [!provide]                        PROVIDE (__fini_array_end = .)
                0x080030d0                        . = ALIGN (0x4)
                0x080030d0                        _sidata = LOADADDR (.data)

.rel.dyn        0x080030d0        0x0
 .rel.iplt      0x080030d0        0x0 C:/ST/STM32CubeIDE_1.17.0/STM32CubeIDE/plugins/com.st.stm32cube.ide.mcu.externaltools.gnu-tools-for-stm32.12.3.rel1.win32_1.1.0.202410251130/tools/bin/../lib/gcc/arm-none-eabi/12.3.1/thumb/v7e-m+fp/hard/crtbegin.o

.data           0x20000000       0x14 load address 0x080030d0
                0x20000000                        . = ALIGN (0x4)
                0x20000000                        _sdata = .
 *(.data)
 *(.data*)
 .data.SystemCoreClock
                0x20000000        0x4 ./Core/Src/system_stm32f4xx.o
                0x20000000                SystemCoreClock
 .data.uwTickFreq
                0x20000004        0x1 ./Drivers/STM32F4xx_HAL_Driver/Src/stm32f4xx_hal.o
                0x20000004                uwTickFreq
 *fill*         0x20000005        0x3 
 .data.uxCriticalNesting
                0x20000008        0x4 ./Middlewares/Third_Party/FreeRTOS/Source/portable/GCC/ARM_CM4F/port.o
 .data.q7segPins
                0x2000000c        0x8 ./myDrivers/q7seg/q7seg.o
                0x2000000c                q7segPins
 *(.RamFunc)
 *(.RamFunc*)
                0x20000014                        . = ALIGN (0x4)
                0x20000014                        _edata = .

.igot.plt       0x20000014        0x0 load address 0x080030e4
 .igot.plt      0x20000014        0x0 C:/ST/STM32CubeIDE_1.17.0/STM32CubeIDE/plugins/com.st.stm32cube.ide.mcu.externaltools.gnu-tools-for-stm32.12.3.rel1.win32_1.1.0.202410251130/tools/bin/../lib/gcc/arm-none-eabi/12.3.1/thumb/v7e-m+fp/hard/crtbegin.o
                0x20000014                        . = ALIGN (0x4)

.bss            0x20000014     0x4970 load address 0x080030e4
                0x20000014                        _sbss = .
                0x20000014                        __bss_start__ = _sbss
 *(.bss)
 .bss           0x20000014       0x1c C:/ST/STM32CubeIDE_1.17.0/STM32CubeIDE/plugins/com.st.stm32cube.ide.mcu.externaltools.gnu-tools-for-stm32.12.3.rel1.win32_1.1.0.202410251130/tools/bin/../lib/gcc/arm-none-eabi/12.3.1/thumb/v7e-m+fp/hard/crtbegin.o
 *(.bss*)
 .bss.calls.0   0x20000030        0x4 ./Core/Src/main.o
 .bss.uwTick    0x20000034        0x4 ./Drivers/STM32F4xx_HAL_Driver/Src/stm32f4xx_hal.o
                0x20000034                uwTick
 .bss.Idle_TCB.3
                0x20000038       0x5c ./Middlewares/Third_Party/FreeRTOS/Source/CMSIS_RTOS_V2/cmsis_os2.o
 .bss.Idle_Stack.2
                0x20000094      0x200 ./Middlewares/Third_Party/FreeRTOS/Source/CMSIS_RTOS_V2/cmsis_os2.o
 .bss.Timer_TCB.1
                0x20000294       0x5c ./Middlewares/Third_Party/FreeRTOS/Source/CMSIS_RTOS_V2/cmsis_os2.o
 .bss.Timer_Stack.0
                0x200002f0      0x400 ./Middlewares/Third_Party/FreeRTOS/Source/CMSIS_RTOS_V2/cmsis_os2.o
 .bss.xQueueRegistry
                0x200006f0       0x40 ./Middlewares/Third_Party/FreeRTOS/Source/queue.o
                0x200006f0                xQueueRegistry
 .bss.pxCurrentTCB
                0x20000730        0x4 ./Middlewares/Third_Party/FreeRTOS/Source/tasks.o
                0x20000730                pxCurrentTCB
 .bss.pxReadyTasksLists
                0x20000734      0x460 ./Middlewares/Third_Party/FreeRTOS/Source/tasks.o
 .bss.xDelayedTaskList1
                0x20000b94       0x14 ./Middlewares/Third_Party/FreeRTOS/Source/tasks.o
 .bss.xDelayedTaskList2
                0x20000ba8       0x14 ./Middlewares/Third_Party/FreeRTOS/Source/tasks.o
 .bss.pxDelayedTaskList
                0x20000bbc        0x4 ./Middlewares/Third_Party/FreeRTOS/Source/tasks.o
 .bss.pxOverflowDelayedTaskList
                0x20000bc0        0x4 ./Middlewares/Third_Party/FreeRTOS/Source/tasks.o
 .bss.xPendingReadyList
                0x20000bc4       0x14 ./Middlewares/Third_Party/FreeRTOS/Source/tasks.o
 .bss.xTasksWaitingTermination
                0x20000bd8       0x14 ./Middlewares/Third_Party/FreeRTOS/Source/tasks.o
 .bss.uxDeletedTasksWaitingCleanUp
                0x20000bec        0x4 ./Middlewares/Third_Party/FreeRTOS/Source/tasks.o
 .bss.xSuspendedTaskList
                0x20000bf0       0x14 ./Middlewares/Third_Party/FreeRTOS/Source/tasks.o
 .bss.uxCurrentNumberOfTasks
                0x20000c04        0x4 ./Middlewares/Third_Party/FreeRTOS/Source/tasks.o
 .bss.xTickCount
                0x20000c08        0x4 ./Middlewares/Third_Party/FreeRTOS/Source/tasks.o
 .bss.uxTopReadyPriority
                0x20000c0c        0x4 ./Middlewares/Third_Party/FreeRTOS/Source/tasks.o
 .bss.xSchedulerRunning
                0x20000c10        0x4 ./Middlewares/Third_Party/FreeRTOS/Source/tasks.o
 .bss.xPendedTicks
                0x20000c14        0x4 ./Middlewares/Third_Party/FreeRTOS/Source/tasks.o
 .bss.xYieldPending
                0x20000c18        0x4 ./Middlewares/Third_Party/FreeRTOS/Source/tasks.o
 .bss.xNumOfOverflows
                0x20000c1c        0x4 ./Middlewares/Third_Party/FreeRTOS/Source/tasks.o
 .bss.uxTaskNumber
                0x20000c20        0x4 ./Middlewares/Third_Party/FreeRTOS/Source/tasks.o
 .bss.xNextTaskUnblockTime
                0x20000c24        0x4 ./Middlewares/Third_Party/FreeRTOS/Source/tasks.o
 .bss.xIdleTaskHandle
                0x20000c28        0x4 ./Middlewares/Third_Party/FreeRTOS/Source/tasks.o
 .bss.uxSchedulerSuspended
                0x20000c2c        0x4 ./Middlewares/Third_Party/FreeRTOS/Source/tasks.o
 .bss.xActiveTimerList1
                0x20000c30       0x14 ./Middlewares/Third_Party/FreeRTOS/Source/timers.o
 .bss.xActiveTimerList2
                0x20000c44       0x14 ./Middlewares/Third_Party/FreeRTOS/Source/timers.o
 .bss.pxCurrentTimerList
                0x20000c58        0x4 ./Middlewares/Third_Party/FreeRTOS/Source/timers.o
 .bss.pxOverflowTimerList
                0x20000c5c        0x4 ./Middlewares/Third_Party/FreeRTOS/Source/timers.o
 .bss.xTimerQueue
                0x20000c60        0x4 ./Middlewares/Third_Party/FreeRTOS/Source/timers.o
 .bss.xTimerTaskHandle
                0x20000c64        0x4 ./Middlewares/Third_Party/FreeRTOS/Source/timers.o
 .bss.xLastTime.2
                0x20000c68        0x4 ./Middlewares/Third_Party/FreeRTOS/Source/timers.o
 .bss.ucStaticTimerQueueStorage.1
                0x20000c6c       0xa0 ./Middlewares/Third_Party/FreeRTOS/Source/timers.o
 .bss.xStaticTimerQueue.0
                0x20000d0c       0x50 ./Middlewares/Third_Party/FreeRTOS/Source/timers.o
 .bss.ucMaxSysCallPriority
                0x20000d5c        0x1 ./Middlewares/Third_Party/FreeRTOS/Source/portable/GCC/ARM_CM4F/port.o
 *fill*         0x20000d5d        0x3 
 .bss.ulMaxPRIGROUPValue
                0x20000d60        0x4 ./Middlewares/Third_Party/FreeRTOS/Source/portable/GCC/ARM_CM4F/port.o
 .bss.ucHeap    0x20000d64     0x3c00 ./Middlewares/Third_Party/FreeRTOS/Source/portable/MemMang/heap_4.o
 .bss.xStart    0x20004964        0x8 ./Middlewares/Third_Party/FreeRTOS/Source/portable/MemMang/heap_4.o
 .bss.pxEnd     0x2000496c        0x4 ./Middlewares/Third_Party/FreeRTOS/Source/portable/MemMang/heap_4.o
 .bss.xFreeBytesRemaining
                0x20004970        0x4 ./Middlewares/Third_Party/FreeRTOS/Source/portable/MemMang/heap_4.o
 .bss.xMinimumEverFreeBytesRemaining
                0x20004974        0x4 ./Middlewares/Third_Party/FreeRTOS/Source/portable/MemMang/heap_4.o
 .bss.xNumberOfSuccessfulAllocations
                0x20004978        0x4 ./Middlewares/Third_Party/FreeRTOS/Source/portable/MemMang/heap_4.o
 .bss.xNumberOfSuccessfulFrees
                0x2000497c        0x4 ./Middlewares/Third_Party/FreeRTOS/Source/portable/MemMang/heap_4.o
 .bss.xBlockAllocatedBit
                0x20004980        0x4 ./Middlewares/Third_Party/FreeRTOS/Source/portable/MemMang/heap_4.o
 *(COMMON)
                0x20004984                        . = ALIGN (0x4)
                0x20004984                        _ebss = .
                0x20004984                        __bss_end__ = _ebss

._user_heap_stack
                0x20004984      0x604 load address 0x080030e4
                0x20004988                        . = ALIGN (0x8)
 *fill*         0x20004984        0x4 
                [!provide]                        PROVIDE (end = .)
                0x20004988                        PROVIDE (_end = .)
                0x20004b88                        . = (. + _Min_Heap_Size)
 *fill*         0x20004988      0x200 
                0x20004f88                        . = (. + _Min_Stack_Size)
 *fill*         0x20004b88      0x400 
                0x20004f88                        . = ALIGN (0x8)

/DISCARD/
 libc.a(*)
 libm.a(*)
 libgcc.a(*)

.ARM.attributes
                0x00000000       0x30
 *(.ARM.attributes)
 .ARM.attributes
                0x00000000       0x22 C:/ST/STM32CubeIDE_1.17.0/STM32CubeIDE/plugins/com.st.stm32cube.ide.mcu.externaltools.gnu-tools-for-stm32.12.3.rel1.win32_1.1.0.202410251130/tools/bin/../lib/gcc/arm-none-eabi/12.3.1/thumb/v7e-m+fp/hard/crti.o
 .ARM.attributes
                0x00000022       0x34 C:/ST/STM32CubeIDE_1.17.0/STM32CubeIDE/plugins/com.st.stm32cube.ide.mcu.externaltools.gnu-tools-for-stm32.12.3.rel1.win32_1.1.0.202410251130/tools/bin/../lib/gcc/arm-none-eabi/12.3.1/thumb/v7e-m+fp/hard/crtbegin.o
 .ARM.attributes
                0x00000056       0x34 ./Core/Src/main.o
 .ARM.attributes
                0x0000008a       0x34 ./Core/Src/stm32f4xx_it.o
 .ARM.attributes
                0x000000be       0x34 ./Core/Src/system_stm32f4xx.o
 .ARM.attributes
                0x000000f2       0x21 ./Core/Startup/startup_stm32f446retx.o
 .ARM.attributes
                0x00000113       0x34 ./Drivers/STM32F4xx_HAL_Driver/Src/stm32f4xx_hal.o
 .ARM.attributes
                0x00000147       0x34 ./Middlewares/Third_Party/FreeRTOS/Source/CMSIS_RTOS_V2/cmsis_os2.o
 .ARM.attributes
                0x0000017b       0x34 ./Middlewares/Third_Party/FreeRTOS/Source/list.o
 .ARM.attributes
                0x000001af       0x34 ./Middlewares/Third_Party/FreeRTOS/Source/queue.o
 .ARM.attributes
                0x000001e3       0x34 ./Middlewares/Third_Party/FreeRTOS/Source/tasks.o
 .ARM.attributes
                0x00000217       0x34 ./Middlewares/Third_Party/FreeRTOS/Source/timers.o
 .ARM.attributes
                0x0000024b       0x34 ./Middlewares/Third_Party/FreeRTOS/Source/portable/GCC/ARM_CM4F/port.o
 .ARM.attributes
                0x0000027f       0x34 ./Middlewares/Third_Party/FreeRTOS/Source/portable/MemMang/heap_4.o
 .ARM.attributes
                0x000002b3       0x34 ./myDrivers/hal/gpio/gpio.o
 .ARM.attributes
                0x000002e7       0x34 ./myDrivers/hal/rcc/rcc.o
 .ARM.attributes
                0x0000031b       0x34 ./myDrivers/q7seg/q7seg.o
 .ARM.attributes
                0x0000034f       0x34 C:/ST/STM32CubeIDE_1.17.0/STM32CubeIDE/plugins/com.st.stm32cube.ide.mcu.externaltools.gnu-tools-for-stm32.12.3.rel1.win32_1.1.0.202410251130/tools/bin/../lib/gcc/arm-none-eabi/12.3.1/../../../../arm-none-eabi/lib/thumb/v7e-m+fp/hard\libc_nano.a(libc_a-memset.o)
 .ARM.attributes
                0x00000383       0x34 C:/ST/STM32CubeIDE_1.17.0/STM32CubeIDE/plugins/com.st.stm32cube.ide.mcu.externaltools.gnu-tools-for-stm32.12.3.rel1.win32_1.1.0.202410251130/tools/bin/../lib/gcc/arm-none-eabi/12.3.1/../../../../arm-none-eabi/lib/thumb/v7e-m+fp/hard\libc_nano.a(libc_a-init.o)
 .ARM.attributes
                0x000003b7       0x34 C:/ST/STM32CubeIDE_1.17.0/STM32CubeIDE/plugins/com.st.stm32cube.ide.mcu.externaltools.gnu-tools-for-stm32.12.3.rel1.win32_1.1.0.202410251130/tools/bin/../lib/gcc/arm-none-eabi/12.3.1/../../../../arm-none-eabi/lib/thumb/v7e-m+fp/hard\libc_nano.a(libc_a-memcpy-stub.o)
 .ARM.attributes
                0x000003eb       0x22 C:/ST/STM32CubeIDE_1.17.0/STM32CubeIDE/plugins/com.st.stm32cube.ide.mcu.externaltools.gnu-tools-for-stm32.12.3.rel1.win32_1.1.0.202410251130/tools/bin/../lib/gcc/arm-none-eabi/12.3.1/thumb/v7e-m+fp/hard/crtn.o
OUTPUT(freertos.elf elf32-littlearm)
LOAD linker stubs
LOAD C:/ST/STM32CubeIDE_1.17.0/STM32CubeIDE/plugins/com.st.stm32cube.ide.mcu.externaltools.gnu-tools-for-stm32.12.3.rel1.win32_1.1.0.202410251130/tools/bin/../lib/gcc/arm-none-eabi/12.3.1/../../../../arm-none-eabi/lib/thumb/v7e-m+fp/hard\libc.a
LOAD C:/ST/STM32CubeIDE_1.17.0/STM32CubeIDE/plugins/com.st.stm32cube.ide.mcu.externaltools.gnu-tools-for-stm32.12.3.rel1.win32_1.1.0.202410251130/tools/bin/../lib/gcc/arm-none-eabi/12.3.1/../../../../arm-none-eabi/lib/thumb/v7e-m+fp/hard\libm.a
LOAD C:/ST/STM32CubeIDE_1.17.0/STM32CubeIDE/plugins/com.st.stm32cube.ide.mcu.externaltools.gnu-tools-for-stm32.12.3.rel1.win32_1.1.0.202410251130/tools/bin/../lib/gcc/arm-none-eabi/12.3.1/thumb/v7e-m+fp/hard\libgcc.a

.debug_info     0x00000000     0xbc64
 .debug_info    0x00000000      0x517 ./Core/Src/main.o
 .debug_info    0x00000517      0x11a ./Core/Src/stm32f4xx_it.o
 .debug_info    0x00000631      0x54a ./Core/Src/system_stm32f4xx.o
 .debug_info    0x00000b7b       0x30 ./Core/Startup/startup_stm32f446retx.o
 .debug_info    0x00000bab      0x99a ./Drivers/STM32F4xx_HAL_Driver/Src/stm32f4xx_hal.o
 .debug_info    0x00001545     0x3a70 ./Middlewares/Third_Party/FreeRTOS/Source/CMSIS_RTOS_V2/cmsis_os2.o
 .debug_info    0x00004fb5      0x2af ./Middlewares/Third_Party/FreeRTOS/Source/list.o
 .debug_info    0x00005264     0x1b79 ./Middlewares/Third_Party/FreeRTOS/Source/queue.o
 .debug_info    0x00006ddd     0x21ec ./Middlewares/Third_Party/FreeRTOS/Source/tasks.o
 .debug_info    0x00008fc9     0x1488 ./Middlewares/Third_Party/FreeRTOS/Source/timers.o
 .debug_info    0x0000a451      0x4de ./Middlewares/Third_Party/FreeRTOS/Source/portable/GCC/ARM_CM4F/port.o
 .debug_info    0x0000a92f      0x4d5 ./Middlewares/Third_Party/FreeRTOS/Source/portable/MemMang/heap_4.o
 .debug_info    0x0000ae04      0x511 ./myDrivers/hal/gpio/gpio.o
 .debug_info    0x0000b315      0x431 ./myDrivers/hal/rcc/rcc.o
 .debug_info    0x0000b746      0x51e ./myDrivers/q7seg/q7seg.o

.debug_abbrev   0x00000000     0x1de2
 .debug_abbrev  0x00000000      0x152 ./Core/Src/main.o
 .debug_abbrev  0x00000152       0x97 ./Core/Src/stm32f4xx_it.o
 .debug_abbrev  0x000001e9      0x11a ./Core/Src/system_stm32f4xx.o
 .debug_abbrev  0x00000303       0x24 ./Core/Startup/startup_stm32f446retx.o
 .debug_abbrev  0x00000327      0x214 ./Drivers/STM32F4xx_HAL_Driver/Src/stm32f4xx_hal.o
 .debug_abbrev  0x0000053b      0x508 ./Middlewares/Third_Party/FreeRTOS/Source/CMSIS_RTOS_V2/cmsis_os2.o
 .debug_abbrev  0x00000a43       0xf5 ./Middlewares/Third_Party/FreeRTOS/Source/list.o
 .debug_abbrev  0x00000b38      0x3b6 ./Middlewares/Third_Party/FreeRTOS/Source/queue.o
 .debug_abbrev  0x00000eee      0x386 ./Middlewares/Third_Party/FreeRTOS/Source/tasks.o
 .debug_abbrev  0x00001274      0x352 ./Middlewares/Third_Party/FreeRTOS/Source/timers.o
 .debug_abbrev  0x000015c6      0x25c ./Middlewares/Third_Party/FreeRTOS/Source/portable/GCC/ARM_CM4F/port.o
 .debug_abbrev  0x00001822      0x21d ./Middlewares/Third_Party/FreeRTOS/Source/portable/MemMang/heap_4.o
 .debug_abbrev  0x00001a3f      0x169 ./myDrivers/hal/gpio/gpio.o
 .debug_abbrev  0x00001ba8       0xf6 ./myDrivers/hal/rcc/rcc.o
 .debug_abbrev  0x00001c9e      0x144 ./myDrivers/q7seg/q7seg.o

.debug_aranges  0x00000000      0xa68
 .debug_aranges
                0x00000000       0x28 ./Core/Src/main.o
 .debug_aranges
                0x00000028       0x50 ./Core/Src/stm32f4xx_it.o
 .debug_aranges
                0x00000078       0x28 ./Core/Src/system_stm32f4xx.o
 .debug_aranges
                0x000000a0       0x28 ./Core/Startup/startup_stm32f446retx.o
 .debug_aranges
                0x000000c8       0xf0 ./Drivers/STM32F4xx_HAL_Driver/Src/stm32f4xx_hal.o
 .debug_aranges
                0x000001b8      0x2a8 ./Middlewares/Third_Party/FreeRTOS/Source/CMSIS_RTOS_V2/cmsis_os2.o
 .debug_aranges
                0x00000460       0x40 ./Middlewares/Third_Party/FreeRTOS/Source/list.o
 .debug_aranges
                0x000004a0      0x158 ./Middlewares/Third_Party/FreeRTOS/Source/queue.o
 .debug_aranges
                0x000005f8      0x208 ./Middlewares/Third_Party/FreeRTOS/Source/tasks.o
 .debug_aranges
                0x00000800       0xf0 ./Middlewares/Third_Party/FreeRTOS/Source/timers.o
 .debug_aranges
                0x000008f0       0x80 ./Middlewares/Third_Party/FreeRTOS/Source/portable/GCC/ARM_CM4F/port.o
 .debug_aranges
                0x00000970       0x58 ./Middlewares/Third_Party/FreeRTOS/Source/portable/MemMang/heap_4.o
 .debug_aranges
                0x000009c8       0x50 ./myDrivers/hal/gpio/gpio.o
 .debug_aranges
                0x00000a18       0x20 ./myDrivers/hal/rcc/rcc.o
 .debug_aranges
                0x00000a38       0x30 ./myDrivers/q7seg/q7seg.o

.debug_rnglists
                0x00000000      0x7d5
 .debug_rnglists
                0x00000000       0x19 ./Core/Src/main.o
 .debug_rnglists
                0x00000019       0x37 ./Core/Src/stm32f4xx_it.o
 .debug_rnglists
                0x00000050       0x1a ./Core/Src/system_stm32f4xx.o
 .debug_rnglists
                0x0000006a       0x19 ./Core/Startup/startup_stm32f446retx.o
 .debug_rnglists
                0x00000083       0xaf ./Drivers/STM32F4xx_HAL_Driver/Src/stm32f4xx_hal.o
 .debug_rnglists
                0x00000132      0x20c ./Middlewares/Third_Party/FreeRTOS/Source/CMSIS_RTOS_V2/cmsis_os2.o
 .debug_rnglists
                0x0000033e       0x2b ./Middlewares/Third_Party/FreeRTOS/Source/list.o
 .debug_rnglists
                0x00000369      0x109 ./Middlewares/Third_Party/FreeRTOS/Source/queue.o
 .debug_rnglists
                0x00000472      0x1a0 ./Middlewares/Third_Party/FreeRTOS/Source/tasks.o
 .debug_rnglists
                0x00000612       0xb8 ./Middlewares/Third_Party/FreeRTOS/Source/timers.o
 .debug_rnglists
                0x000006ca       0x5d ./Middlewares/Third_Party/FreeRTOS/Source/portable/GCC/ARM_CM4F/port.o
 .debug_rnglists
                0x00000727       0x42 ./Middlewares/Third_Party/FreeRTOS/Source/portable/MemMang/heap_4.o
 .debug_rnglists
                0x00000769       0x38 ./myDrivers/hal/gpio/gpio.o
 .debug_rnglists
                0x000007a1       0x14 ./myDrivers/hal/rcc/rcc.o
 .debug_rnglists
                0x000007b5       0x20 ./myDrivers/q7seg/q7seg.o

.debug_macro    0x00000000     0x1f57
 .debug_macro   0x00000000      0x159 ./Core/Src/main.o
 .debug_macro   0x00000159       0x22 ./Core/Src/main.o
 .debug_macro   0x0000017b      0x169 ./Core/Src/main.o
 .debug_macro   0x000002e4      0x23b ./Core/Src/stm32f4xx_it.o
 .debug_macro   0x0000051f      0x1ba ./Core/Src/system_stm32f4xx.o
 .debug_macro   0x000006d9      0x21a ./Drivers/STM32F4xx_HAL_Driver/Src/stm32f4xx_hal.o
 .debug_macro   0x000008f3      0x3b1 ./Middlewares/Third_Party/FreeRTOS/Source/CMSIS_RTOS_V2/cmsis_os2.o
 .debug_macro   0x00000ca4       0x10 ./Middlewares/Third_Party/FreeRTOS/Source/CMSIS_RTOS_V2/cmsis_os2.o
 .debug_macro   0x00000cb4       0x20 ./Middlewares/Third_Party/FreeRTOS/Source/CMSIS_RTOS_V2/cmsis_os2.o
 .debug_macro   0x00000cd4       0x10 ./Middlewares/Third_Party/FreeRTOS/Source/CMSIS_RTOS_V2/cmsis_os2.o
 .debug_macro   0x00000ce4       0x74 ./Middlewares/Third_Party/FreeRTOS/Source/CMSIS_RTOS_V2/cmsis_os2.o
 .debug_macro   0x00000d58       0xf5 ./Middlewares/Third_Party/FreeRTOS/Source/CMSIS_RTOS_V2/cmsis_os2.o
 .debug_macro   0x00000e4d       0x91 ./Middlewares/Third_Party/FreeRTOS/Source/CMSIS_RTOS_V2/cmsis_os2.o
 .debug_macro   0x00000ede       0x8d ./Middlewares/Third_Party/FreeRTOS/Source/CMSIS_RTOS_V2/cmsis_os2.o
 .debug_macro   0x00000f6b       0x9a ./Middlewares/Third_Party/FreeRTOS/Source/CMSIS_RTOS_V2/cmsis_os2.o
 .debug_macro   0x00001005       0x22 ./Middlewares/Third_Party/FreeRTOS/Source/CMSIS_RTOS_V2/cmsis_os2.o
 .debug_macro   0x00001027       0x56 ./Middlewares/Third_Party/FreeRTOS/Source/CMSIS_RTOS_V2/cmsis_os2.o
 .debug_macro   0x0000107d      0x187 ./Middlewares/Third_Party/FreeRTOS/Source/list.o
 .debug_macro   0x00001204      0x216 ./Middlewares/Third_Party/FreeRTOS/Source/queue.o
 .debug_macro   0x0000141a       0x16 ./Middlewares/Third_Party/FreeRTOS/Source/queue.o
 .debug_macro   0x00001430       0x87 ./Middlewares/Third_Party/FreeRTOS/Source/queue.o
 .debug_macro   0x000014b7      0x27f ./Middlewares/Third_Party/FreeRTOS/Source/tasks.o
 .debug_macro   0x00001736       0x10 ./Middlewares/Third_Party/FreeRTOS/Source/tasks.o
 .debug_macro   0x00001746      0x1dc ./Middlewares/Third_Party/FreeRTOS/Source/timers.o
 .debug_macro   0x00001922       0x97 ./Middlewares/Third_Party/FreeRTOS/Source/timers.o
 .debug_macro   0x000019b9      0x196 ./Middlewares/Third_Party/FreeRTOS/Source/portable/GCC/ARM_CM4F/port.o
 .debug_macro   0x00001b4f      0x1ae ./Middlewares/Third_Party/FreeRTOS/Source/portable/MemMang/heap_4.o
 .debug_macro   0x00001cfd       0xdf ./myDrivers/hal/gpio/gpio.o
 .debug_macro   0x00001ddc       0xc9 ./myDrivers/hal/rcc/rcc.o
 .debug_macro   0x00001ea5       0x96 ./myDrivers/q7seg/q7seg.o
 .debug_macro   0x00001f3b       0x1c ./myDrivers/q7seg/q7seg.o

.debug_line     0x00000000     0xb4a2
 .debug_line    0x00000000      0x766 ./Core/Src/main.o
 .debug_line    0x00000766      0x8be ./Core/Src/stm32f4xx_it.o
 .debug_line    0x00001024      0x79a ./Core/Src/system_stm32f4xx.o
 .debug_line    0x000017be       0x7a ./Core/Startup/startup_stm32f446retx.o
 .debug_line    0x00001838      0xa03 ./Drivers/STM32F4xx_HAL_Driver/Src/stm32f4xx_hal.o
 .debug_line    0x0000223b     0x2340 ./Middlewares/Third_Party/FreeRTOS/Source/CMSIS_RTOS_V2/cmsis_os2.o
 .debug_line    0x0000457b      0x78c ./Middlewares/Third_Party/FreeRTOS/Source/list.o
 .debug_line    0x00004d07     0x1756 ./Middlewares/Third_Party/FreeRTOS/Source/queue.o
 .debug_line    0x0000645d     0x1e28 ./Middlewares/Third_Party/FreeRTOS/Source/tasks.o
 .debug_line    0x00008285      0xe14 ./Middlewares/Third_Party/FreeRTOS/Source/timers.o
 .debug_line    0x00009099      0x831 ./Middlewares/Third_Party/FreeRTOS/Source/portable/GCC/ARM_CM4F/port.o
 .debug_line    0x000098ca      0x9b7 ./Middlewares/Third_Party/FreeRTOS/Source/portable/MemMang/heap_4.o
 .debug_line    0x0000a281      0x6d4 ./myDrivers/hal/gpio/gpio.o
 .debug_line    0x0000a955      0x550 ./myDrivers/hal/rcc/rcc.o
 .debug_line    0x0000aea5      0x5fd ./myDrivers/q7seg/q7seg.o

.debug_str      0x00000000    0xd0bb0
 .debug_str     0x00000000    0x8eda1 ./Core/Src/main.o
                              0x8eff7 (size before relaxing)
 .debug_str     0x0008eda1    0x3795d ./Core/Src/stm32f4xx_it.o
                              0xc6403 (size before relaxing)
 .debug_str     0x000c66fe      0x1f7 ./Core/Src/system_stm32f4xx.o
                              0xc2653 (size before relaxing)
 .debug_str     0x000c68f5       0x44 ./Core/Startup/startup_stm32f446retx.o
                                 0x80 (size before relaxing)
 .debug_str     0x000c6939      0xb8c ./Drivers/STM32F4xx_HAL_Driver/Src/stm32f4xx_hal.o
                              0xc3218 (size before relaxing)
 .debug_str     0x000c74c5     0x687a ./Middlewares/Third_Party/FreeRTOS/Source/CMSIS_RTOS_V2/cmsis_os2.o
                              0xcd277 (size before relaxing)
 .debug_str     0x000cdd3f      0x20f ./Middlewares/Third_Party/FreeRTOS/Source/list.o
                               0xaae7 (size before relaxing)
 .debug_str     0x000cdf4e      0x892 ./Middlewares/Third_Party/FreeRTOS/Source/queue.o
                               0xc627 (size before relaxing)
 .debug_str     0x000ce7e0     0x106a ./Middlewares/Third_Party/FreeRTOS/Source/tasks.o
                               0xd0e4 (size before relaxing)
 .debug_str     0x000cf84a      0x5af ./Middlewares/Third_Party/FreeRTOS/Source/timers.o
                               0xcb59 (size before relaxing)
 .debug_str     0x000cfdf9      0x783 ./Middlewares/Third_Party/FreeRTOS/Source/portable/GCC/ARM_CM4F/port.o
                               0x8730 (size before relaxing)
 .debug_str     0x000d057c      0x324 ./Middlewares/Third_Party/FreeRTOS/Source/portable/MemMang/heap_4.o
                               0xb429 (size before relaxing)
 .debug_str     0x000d08a0      0x222 ./myDrivers/hal/gpio/gpio.o
                              0x8ac61 (size before relaxing)
 .debug_str     0x000d0ac2       0x3e ./myDrivers/hal/rcc/rcc.o
                              0x8ad96 (size before relaxing)
 .debug_str     0x000d0b00       0xb0 ./myDrivers/q7seg/q7seg.o
                               0x42cd (size before relaxing)

.comment        0x00000000       0x43
 .comment       0x00000000       0x43 ./Core/Src/main.o
                                 0x44 (size before relaxing)
 .comment       0x00000043       0x44 ./Core/Src/stm32f4xx_it.o
 .comment       0x00000043       0x44 ./Core/Src/system_stm32f4xx.o
 .comment       0x00000043       0x44 ./Drivers/STM32F4xx_HAL_Driver/Src/stm32f4xx_hal.o
 .comment       0x00000043       0x44 ./Middlewares/Third_Party/FreeRTOS/Source/CMSIS_RTOS_V2/cmsis_os2.o
 .comment       0x00000043       0x44 ./Middlewares/Third_Party/FreeRTOS/Source/list.o
 .comment       0x00000043       0x44 ./Middlewares/Third_Party/FreeRTOS/Source/queue.o
 .comment       0x00000043       0x44 ./Middlewares/Third_Party/FreeRTOS/Source/tasks.o
 .comment       0x00000043       0x44 ./Middlewares/Third_Party/FreeRTOS/Source/timers.o
 .comment       0x00000043       0x44 ./Middlewares/Third_Party/FreeRTOS/Source/portable/GCC/ARM_CM4F/port.o
 .comment       0x00000043       0x44 ./Middlewares/Third_Party/FreeRTOS/Source/portable/MemMang/heap_4.o
 .comment       0x00000043       0x44 ./myDrivers/hal/gpio/gpio.o
 .comment       0x00000043       0x44 ./myDrivers/hal/rcc/rcc.o
 .comment       0x00000043       0x44 ./myDrivers/q7seg/q7seg.o

.debug_frame    0x00000000     0x2974
 .debug_frame   0x00000000       0x50 ./Core/Src/main.o
 .debug_frame   0x00000050       0xc4 ./Core/Src/stm32f4xx_it.o
 .debug_frame   0x00000114       0x58 ./Core/Src/system_stm32f4xx.o
 .debug_frame   0x0000016c      0x374 ./Drivers/STM32F4xx_HAL_Driver/Src/stm32f4xx_hal.o
 .debug_frame   0x000004e0      0xbc8 ./Middlewares/Third_Party/FreeRTOS/Source/CMSIS_RTOS_V2/cmsis_os2.o
 .debug_frame   0x000010a8       0xd8 ./Middlewares/Third_Party/FreeRTOS/Source/list.o
 .debug_frame   0x00001180      0x5ec ./Middlewares/Third_Party/FreeRTOS/Source/queue.o
 .debug_frame   0x0000176c      0x8f0 ./Middlewares/Third_Party/FreeRTOS/Source/tasks.o
 .debug_frame   0x0000205c      0x400 ./Middlewares/Third_Party/FreeRTOS/Source/timers.o
 .debug_frame   0x0000245c      0x1a8 ./Middlewares/Third_Party/FreeRTOS/Source/portable/GCC/ARM_CM4F/port.o
 .debug_frame   0x00002604      0x12c ./Middlewares/Third_Party/FreeRTOS/Source/portable/MemMang/heap_4.o
 .debug_frame   0x00002730      0x124 ./myDrivers/hal/gpio/gpio.o
 .debug_frame   0x00002854       0x38 ./myDrivers/hal/rcc/rcc.o
 .debug_frame   0x0000288c       0x74 ./myDrivers/q7seg/q7seg.o
 .debug_frame   0x00002900       0x20 C:/ST/STM32CubeIDE_1.17.0/STM32CubeIDE/plugins/com.st.stm32cube.ide.mcu.externaltools.gnu-tools-for-stm32.12.3.rel1.win32_1.1.0.202410251130/tools/bin/../lib/gcc/arm-none-eabi/12.3.1/../../../../arm-none-eabi/lib/thumb/v7e-m+fp/hard\libc_nano.a(libc_a-memset.o)
 .debug_frame   0x00002920       0x2c C:/ST/STM32CubeIDE_1.17.0/STM32CubeIDE/plugins/com.st.stm32cube.ide.mcu.externaltools.gnu-tools-for-stm32.12.3.rel1.win32_1.1.0.202410251130/tools/bin/../lib/gcc/arm-none-eabi/12.3.1/../../../../arm-none-eabi/lib/thumb/v7e-m+fp/hard\libc_nano.a(libc_a-init.o)
 .debug_frame   0x0000294c       0x28 C:/ST/STM32CubeIDE_1.17.0/STM32CubeIDE/plugins/com.st.stm32cube.ide.mcu.externaltools.gnu-tools-for-stm32.12.3.rel1.win32_1.1.0.202410251130/tools/bin/../lib/gcc/arm-none-eabi/12.3.1/../../../../arm-none-eabi/lib/thumb/v7e-m+fp/hard\libc_nano.a(libc_a-memcpy-stub.o)

.debug_line_str
                0x00000000       0x64
 .debug_line_str
                0x00000000       0x64 ./Core/Startup/startup_stm32f446retx.o
